// Vitest Snapshot v1, https://vitest.dev/guide/snapshot.html

exports[`<Counter /> > renders 1`] = `""`;
