// Vitest Snapshot v1, https://vitest.dev/guide/snapshot.html

exports[`mount component 1`] = `"<button>count is 0</button>"`;
